---
source: crates/panache-parser/tests/golden_parser_cases.rs
expression: cst_output
---
DOCUMENT@0..641
  HTML_BLOCK_RAW@0..55
    HTML_BLOCK_TAG@0..55
      TEXT@0..54 "<!-- Source: pandoc/t ..."
      NEWLINE@54..55 "\n"
  BLANK_LINE@55..56
    BLANK_LINE@55..56 "\n"
  HEADING@56..75
    ATX_HEADING_MARKER@56..58
      ATX_HEADING_MARKER@56..58 "##"
    WHITESPACE@58..59 " "
    HEADING_CONTENT@59..74
      TEXT@59..74 "With ampersands"
    NEWLINE@74..75 "\n"
  BLANK_LINE@75..76
    BLANK_LINE@75..76 "\n"
  PARAGRAPH@76..155
    TEXT@76..85 "Here's a "
    LINK@85..153
      LINK_START@85..86
        LINK_START@85..86 "["
      LINK_TEXT@86..119
        TEXT@86..119 "link with an ampersan ..."
      LINK_TEXT_END@119..120 "]"
      LINK_DEST_START@120..121 "("
      LINK_DEST@121..152
        LINK_DEST_URL@121..152
          TEXT@121..152 "http://example.com/?f ..."
      LINK_DEST_END@152..153 ")"
    TEXT@153..154 "."
    NEWLINE@154..155 "\n"
  BLANK_LINE@155..156
    BLANK_LINE@155..156 "\n"
  PARAGRAPH@156..237
    TEXT@156..205 "Here's a link with an ..."
    LINK@205..235
      LINK_START@205..206
        LINK_START@205..206 "["
      LINK_TEXT@206..210
        TEXT@206..210 "AT&T"
      LINK_TEXT_END@210..211 "]"
      LINK_DEST_START@211..212 "("
      LINK_DEST@212..234
        LINK_DEST_URL@212..227
          TEXT@212..227 "http://att.com/"
        TEXT@227..228 " "
        LINK_DEST_TITLE@228..234
          LINK_DEST_TITLE_MARKER@228..229 "\""
          TEXT@229..233 "AT&T"
          LINK_DEST_TITLE_MARKER@233..234 "\""
      LINK_DEST_END@234..235 ")"
    TEXT@235..236 "."
    NEWLINE@236..237 "\n"
  BLANK_LINE@237..238
    BLANK_LINE@237..238 "\n"
  PARAGRAPH@238..284
    TEXT@238..248 "Here's an "
    LINK@248..282
      LINK_START@248..249
        LINK_START@248..249 "["
      LINK_TEXT@249..260
        TEXT@249..260 "inline link"
      LINK_TEXT_END@260..261 "]"
      LINK_DEST_START@261..262 "("
      LINK_DEST@262..281
        LINK_DEST_URL@262..281
          TEXT@262..281 "/script?foo=1&bar=2"
      LINK_DEST_END@281..282 ")"
    TEXT@282..283 "."
    NEWLINE@283..284 "\n"
  BLANK_LINE@284..285
    BLANK_LINE@284..285 "\n"
  PARAGRAPH@285..348
    TEXT@285..295 "Here's an "
    LINK@295..346
      LINK_START@295..296
        LINK_START@295..296 "["
      LINK_TEXT@296..324
        TEXT@296..324 "inline link in pointy ..."
      LINK_TEXT_END@324..325 "]"
      LINK_DEST_START@325..326 "("
      LINK_DEST@326..345
        LINK_DEST_URL@326..345
          TEXT@326..345 "/script?foo=1&bar=2"
      LINK_DEST_END@345..346 ")"
    TEXT@346..347 "."
    NEWLINE@347..348 "\n"
  BLANK_LINE@348..349
    BLANK_LINE@348..349 "\n"
  HEADING@349..362
    ATX_HEADING_MARKER@349..351
      ATX_HEADING_MARKER@349..351 "##"
    WHITESPACE@351..352 " "
    HEADING_CONTENT@352..361
      TEXT@352..361 "Autolinks"
    NEWLINE@361..362 "\n"
  BLANK_LINE@362..363
    BLANK_LINE@362..363 "\n"
  PARAGRAPH@363..416
    TEXT@363..382 "With an ampersand: "
    AUTO_LINK@382..415
      AUTO_LINK_MARKER@382..383
        AUTO_LINK_MARKER@382..383 "<"
      TEXT@383..414 "http://example.com/?f ..."
      AUTO_LINK_MARKER@414..415
        AUTO_LINK_MARKER@414..415 ">"
    NEWLINE@415..416 "\n"
  BLANK_LINE@416..417
    BLANK_LINE@416..417 "\n"
  LIST@417..467
    LIST_ITEM@417..430
      LIST_MARKER@417..418 "-"
      WHITESPACE@418..419 " "
      PLAIN@419..430
        TEXT@419..429 "In a list?"
        NEWLINE@429..430 "\n"
    LIST_ITEM@430..454
      LIST_MARKER@430..431 "-"
      WHITESPACE@431..432 " "
      PLAIN@432..454
        AUTO_LINK@432..453
          AUTO_LINK_MARKER@432..433
            AUTO_LINK_MARKER@432..433 "<"
          TEXT@433..452 "http://example.com/"
          AUTO_LINK_MARKER@452..453
            AUTO_LINK_MARKER@452..453 ">"
        NEWLINE@453..454 "\n"
    LIST_ITEM@454..467
      LIST_MARKER@454..455 "-"
      WHITESPACE@455..456 " "
      PLAIN@456..467
        TEXT@456..466 "It should."
        NEWLINE@466..467 "\n"
  BLANK_LINE@467..468
    BLANK_LINE@467..468 "\n"
  PARAGRAPH@468..508
    TEXT@468..487 "An e-mail address: "
    AUTO_LINK@487..507
      AUTO_LINK_MARKER@487..488
        AUTO_LINK_MARKER@487..488 "<"
      TEXT@488..506 "nobody@nowhere.net"
      AUTO_LINK_MARKER@506..507
        AUTO_LINK_MARKER@506..507 ">"
    NEWLINE@507..508 "\n"
  BLANK_LINE@508..509
    BLANK_LINE@508..509 "\n"
  BLOCK_QUOTE@509..546
    BLOCK_QUOTE_MARKER@509..510 ">"
    WHITESPACE@510..511 " "
    PARAGRAPH@511..546
      TEXT@511..524 "Blockquoted: "
      AUTO_LINK@524..545
        AUTO_LINK_MARKER@524..525
          AUTO_LINK_MARKER@524..525 "<"
        TEXT@525..544 "http://example.com/"
        AUTO_LINK_MARKER@544..545
          AUTO_LINK_MARKER@544..545 ">"
      NEWLINE@545..546 "\n"
  BLANK_LINE@546..547
    BLANK_LINE@546..547 "\n"
  PARAGRAPH@547..605
    TEXT@547..581 "Auto-links should not ..."
    INLINE_CODE@581..604
      INLINE_CODE_MARKER@581..582 "`"
      INLINE_CODE_CONTENT@582..603 "<http://example.com/>"
      INLINE_CODE_MARKER@603..604 "`"
    NEWLINE@604..605 "\n"
  BLANK_LINE@605..606
    BLANK_LINE@605..606 "\n"
  CODE_BLOCK@606..641
    CODE_CONTENT@606..641
      WHITESPACE@606..610 "    "
      TEXT@610..640 "or here: <http://exam ..."
      NEWLINE@640..641 "\n"
