---
source: crates/panache-parser/tests/golden_parser_cases.rs
expression: cst_output
---
DOCUMENT@0..542
  PARAGRAPH@0..219
    TEXT@0..19 "These examples use "
    LINK@19..58
      LINK_START@19..20
        LINK_START@19..20 "["
      LINK_TEXT@20..33
        TEXT@20..33 "inline R code"
      LINK_TEXT_END@33..34 "]"
      LINK_DEST_START@34..35 "("
      LINK_DEST@35..57
        LINK_DEST_URL@35..57
          TEXT@35..57 "reuse.html#inline-code"
      LINK_DEST_END@57..58 ")"
    TEXT@58..60 " ("
    INLINE_CODE@60..70
      INLINE_CODE_MARKER@60..62 "``"
      INLINE_CODE_CONTENT@62..68 " `r ` "
      INLINE_CODE_MARKER@68..70 "``"
    TEXT@70..139 "), which generates th ..."
    INLINE_CODE@139..161
      INLINE_CODE_MARKER@139..140 "`"
      INLINE_CODE_CONTENT@140..160 "devtools::document()"
      INLINE_CODE_MARKER@160..161 "`"
    TEXT@161..207 "). This only requires ..."
    INLINE_CODE@207..217
      INLINE_CODE_MARKER@207..208 "`"
      INLINE_CODE_CONTENT@208..216 "Suggests"
      INLINE_CODE_MARKER@216..217 "`"
    TEXT@217..218 "."
    NEWLINE@218..219 "\n"
  BLANK_LINE@219..220
    BLANK_LINE@219..220 "\n"
  PARAGRAPH@220..411
    TEXT@220..229 "Document "
    STRONG@229..243
      STRONG_MARKER@229..231 "**"
      TEXT@231..241 "S4 classes"
      STRONG_MARKER@241..243 "**"
    TEXT@243..277 " by adding a roxygen  ..."
    INLINE_CODE@277..289
      INLINE_CODE_MARKER@277..278 "`"
      INLINE_CODE_CONTENT@278..288 "setClass()"
      INLINE_CODE_MARKER@288..289 "`"
    TEXT@289..291 ". "
    INLINE_CODE@291..300
      INLINE_CODE_MARKER@291..292 "`"
      INLINE_CODE_CONTENT@292..299 "@export"
      INLINE_CODE_MARKER@299..300 "`"
    TEXT@300..410 " a class if you want  ..."
    NEWLINE@410..411 "\n"
  BLANK_LINE@411..412
    BLANK_LINE@411..412 "\n"
  PARAGRAPH@412..542
    TEXT@412..443 "S7 methods are regist ..."
    INLINE_CODE@443..473
      INLINE_CODE_MARKER@443..444 "`"
      INLINE_CODE_CONTENT@444..472 "method(generic, class ..."
      INLINE_CODE_MARKER@472..473 "`"
    TEXT@473..541 ". Generally, it's not ..."
    NEWLINE@541..542 "\n"
