---
source: crates/panache-parser/tests/golden_parser_cases.rs
expression: cst_output
---
DOCUMENT@0..11
  PARAGRAPH@0..11
    LINK@0..10
      LINK_START@0..1
        LINK_START@0..1 "["
      LINK_TEXT@1..4
        TEXT@1..4 "a:/"
      LINK_TEXT_END@4..5 "]"
      LINK_DEST_START@5..6 "("
      LINK_DEST@6..9
        LINK_DEST_URL@6..9
          TEXT@6..9 "a:/"
      LINK_DEST_END@9..10 ")"
    NEWLINE@10..11 "\n"
