---
source: crates/panache-parser/tests/golden_parser_cases.rs
expression: cst_output
---
DOCUMENT@0..266
  HTML_BLOCK_RAW@0..53
    HTML_BLOCK_TAG@0..53
      TEXT@0..52 "<!-- Source: pandoc/t ..."
      NEWLINE@52..53 "\n"
  BLANK_LINE@53..54
    BLANK_LINE@53..54 "\n"
  HEADING@54..64
    ATX_HEADING_MARKER@54..55
      ATX_HEADING_MARKER@54..55 "#"
    WHITESPACE@55..56 " "
    HEADING_CONTENT@56..63
      TEXT@56..63 "Headers"
    NEWLINE@63..64 "\n"
  BLANK_LINE@64..65
    BLANK_LINE@64..65 "\n"
  HEADING@65..106
    ATX_HEADING_MARKER@65..67
      ATX_HEADING_MARKER@65..67 "##"
    WHITESPACE@67..68 " "
    HEADING_CONTENT@68..105
      TEXT@68..84 "Level 2 with an "
      LINK@84..105
        LINK_START@84..85
          LINK_START@84..85 "["
        LINK_TEXT@85..98
          TEXT@85..98 "embedded link"
        LINK_TEXT_END@98..99 "]"
        LINK_DEST_START@99..100 "("
        LINK_DEST@100..104
          LINK_DEST_URL@100..104
            TEXT@100..104 "/url"
        LINK_DEST_END@104..105 ")"
    NEWLINE@105..106 "\n"
  BLANK_LINE@106..107
    BLANK_LINE@106..107 "\n"
  HEADING@107..135
    ATX_HEADING_MARKER@107..110
      ATX_HEADING_MARKER@107..110 "###"
    WHITESPACE@110..111 " "
    HEADING_CONTENT@111..134
      TEXT@111..124 "Level 3 with "
      EMPHASIS@124..134
        EMPHASIS_MARKER@124..125 "*"
        TEXT@125..133 "emphasis"
        EMPHASIS_MARKER@133..134 "*"
    NEWLINE@134..135 "\n"
  BLANK_LINE@135..136
    BLANK_LINE@135..136 "\n"
  HEADING@136..149
    ATX_HEADING_MARKER@136..140
      ATX_HEADING_MARKER@136..140 "####"
    WHITESPACE@140..141 " "
    HEADING_CONTENT@141..148
      TEXT@141..148 "Level 4"
    NEWLINE@148..149 "\n"
  BLANK_LINE@149..150
    BLANK_LINE@149..150 "\n"
  HEADING@150..164
    ATX_HEADING_MARKER@150..155
      ATX_HEADING_MARKER@150..155 "#####"
    WHITESPACE@155..156 " "
    HEADING_CONTENT@156..163
      TEXT@156..163 "Level 5"
    NEWLINE@163..164 "\n"
  BLANK_LINE@164..165
    BLANK_LINE@164..165 "\n"
  HEADING@165..175
    ATX_HEADING_MARKER@165..166
      ATX_HEADING_MARKER@165..166 "#"
    WHITESPACE@166..167 " "
    HEADING_CONTENT@167..174
      TEXT@167..174 "Level 1"
    NEWLINE@174..175 "\n"
  BLANK_LINE@175..176
    BLANK_LINE@175..176 "\n"
  HEADING@176..203
    ATX_HEADING_MARKER@176..178
      ATX_HEADING_MARKER@176..178 "##"
    WHITESPACE@178..179 " "
    HEADING_CONTENT@179..202
      TEXT@179..192 "Level 2 with "
      EMPHASIS@192..202
        EMPHASIS_MARKER@192..193 "*"
        TEXT@193..201 "emphasis"
        EMPHASIS_MARKER@201..202 "*"
    NEWLINE@202..203 "\n"
  BLANK_LINE@203..204
    BLANK_LINE@203..204 "\n"
  HEADING@204..216
    ATX_HEADING_MARKER@204..207
      ATX_HEADING_MARKER@204..207 "###"
    WHITESPACE@207..208 " "
    HEADING_CONTENT@208..215
      TEXT@208..215 "Level 3"
    NEWLINE@215..216 "\n"
  PARAGRAPH@216..235
    TEXT@216..234 "with no blank line"
    NEWLINE@234..235 "\n"
  BLANK_LINE@235..236
    BLANK_LINE@235..236 "\n"
  HEADING@236..247
    ATX_HEADING_MARKER@236..238
      ATX_HEADING_MARKER@236..238 "##"
    WHITESPACE@238..239 " "
    HEADING_CONTENT@239..246
      TEXT@239..246 "Level 2"
    NEWLINE@246..247 "\n"
  PARAGRAPH@247..266
    TEXT@247..265 "with no blank line"
    NEWLINE@265..266 "\n"
