---
source: crates/panache-parser/tests/golden_parser_cases.rs
expression: cst_output
---
DOCUMENT@0..1387
  HEADING@0..39
    ATX_HEADING_MARKER@0..1
      ATX_HEADING_MARKER@0..1 "#"
    WHITESPACE@1..2 " "
    HEADING_CONTENT@2..38
      TEXT@2..38 "Emphasis with Nested  ..."
    NEWLINE@38..39 "\n"
  BLANK_LINE@39..40
    BLANK_LINE@39..40 "\n"
  HEADING@40..66
    ATX_HEADING_MARKER@40..42
      ATX_HEADING_MARKER@40..42 "##"
    WHITESPACE@42..43 " "
    HEADING_CONTENT@43..65
      TEXT@43..65 "Code Spans in Emphasis"
    NEWLINE@65..66 "\n"
  BLANK_LINE@66..67
    BLANK_LINE@66..67 "\n"
  PARAGRAPH@67..90
    EMPHASIS@67..89
      EMPHASIS_MARKER@67..68 "*"
      TEXT@68..73 "text "
      INLINE_CODE@73..84
        INLINE_CODE_MARKER@73..74 "`"
        INLINE_CODE_CONTENT@74..83 "code here"
        INLINE_CODE_MARKER@83..84 "`"
      TEXT@84..88 " end"
      EMPHASIS_MARKER@88..89 "*"
    NEWLINE@89..90 "\n"
  BLANK_LINE@90..91
    BLANK_LINE@90..91 "\n"
  PARAGRAPH@91..116
    STRONG@91..115
      STRONG_MARKER@91..93 "**"
      TEXT@93..98 "text "
      INLINE_CODE@98..109
        INLINE_CODE_MARKER@98..99 "`"
        INLINE_CODE_CONTENT@99..108 "code here"
        INLINE_CODE_MARKER@108..109 "`"
      TEXT@109..113 " end"
      STRONG_MARKER@113..115 "**"
    NEWLINE@115..116 "\n"
  BLANK_LINE@116..117
    BLANK_LINE@116..117 "\n"
  PARAGRAPH@117..144
    STRONG@117..143
      STRONG_MARKER@117..119 "**"
      EMPHASIS@119..141
        EMPHASIS_MARKER@119..120 "*"
        TEXT@120..125 "text "
        INLINE_CODE@125..136
          INLINE_CODE_MARKER@125..126 "`"
          INLINE_CODE_CONTENT@126..135 "code here"
          INLINE_CODE_MARKER@135..136 "`"
        TEXT@136..140 " end"
        EMPHASIS_MARKER@140..141 "*"
      STRONG_MARKER@141..143 "**"
    NEWLINE@143..144 "\n"
  BLANK_LINE@144..145
    BLANK_LINE@144..145 "\n"
  PARAGRAPH@145..174
    EMPHASIS@145..173
      EMPHASIS_MARKER@145..146 "*"
      TEXT@146..151 "text "
      INLINE_CODE@151..168
        INLINE_CODE_MARKER@151..152 "`"
        INLINE_CODE_CONTENT@152..167 "code * asterisk"
        INLINE_CODE_MARKER@167..168 "`"
      TEXT@168..172 " end"
      EMPHASIS_MARKER@172..173 "*"
    NEWLINE@173..174 "\n"
  BLANK_LINE@174..175
    BLANK_LINE@174..175 "\n"
  PARAGRAPH@175..208
    STRONG@175..207
      STRONG_MARKER@175..177 "**"
      TEXT@177..182 "text "
      INLINE_CODE@182..201
        INLINE_CODE_MARKER@182..183 "`"
        INLINE_CODE_CONTENT@183..200 "code ** asterisks"
        INLINE_CODE_MARKER@200..201 "`"
      TEXT@201..205 " end"
      STRONG_MARKER@205..207 "**"
    NEWLINE@207..208 "\n"
  BLANK_LINE@208..209
    BLANK_LINE@208..209 "\n"
  HEADING@209..229
    ATX_HEADING_MARKER@209..211
      ATX_HEADING_MARKER@209..211 "##"
    WHITESPACE@211..212 " "
    HEADING_CONTENT@212..228
      TEXT@212..228 "Math in Emphasis"
    NEWLINE@228..229 "\n"
  BLANK_LINE@229..230
    BLANK_LINE@229..230 "\n"
  PARAGRAPH@230..248
    EMPHASIS@230..247
      EMPHASIS_MARKER@230..231 "*"
      TEXT@231..236 "text "
      INLINE_MATH@236..242
        INLINE_MATH_MARKER@236..237 "$"
        MATH_CONTENT@237..241
          MATH_WORD@237..241 "math"
        INLINE_MATH_MARKER@241..242 "$"
      TEXT@242..246 " end"
      EMPHASIS_MARKER@246..247 "*"
    NEWLINE@247..248 "\n"
  BLANK_LINE@248..249
    BLANK_LINE@248..249 "\n"
  PARAGRAPH@249..269
    STRONG@249..268
      STRONG_MARKER@249..251 "**"
      TEXT@251..256 "text "
      INLINE_MATH@256..262
        INLINE_MATH_MARKER@256..257 "$"
        MATH_CONTENT@257..261
          MATH_WORD@257..261 "math"
        INLINE_MATH_MARKER@261..262 "$"
      TEXT@262..266 " end"
      STRONG_MARKER@266..268 "**"
    NEWLINE@268..269 "\n"
  BLANK_LINE@269..270
    BLANK_LINE@269..270 "\n"
  PARAGRAPH@270..289
    EMPHASIS@270..288
      EMPHASIS_MARKER@270..271 "*"
      TEXT@271..276 "text "
      INLINE_MATH@276..283
        INLINE_MATH_MARKER@276..277 "$"
        MATH_CONTENT@277..282
          MATH_WORD@277..278 "a"
          MATH_SPACE@278..279 " "
          MATH_WORD@279..280 "*"
          MATH_SPACE@280..281 " "
          MATH_WORD@281..282 "b"
        INLINE_MATH_MARKER@282..283 "$"
      TEXT@283..287 " end"
      EMPHASIS_MARKER@287..288 "*"
    NEWLINE@288..289 "\n"
  BLANK_LINE@289..290
    BLANK_LINE@289..290 "\n"
  PARAGRAPH@290..312
    STRONG@290..311
      STRONG_MARKER@290..292 "**"
      TEXT@292..297 "text "
      INLINE_MATH@297..305
        INLINE_MATH_MARKER@297..298 "$"
        MATH_CONTENT@298..304
          MATH_WORD@298..299 "a"
          MATH_SPACE@299..300 " "
          MATH_WORD@300..302 "**"
          MATH_SPACE@302..303 " "
          MATH_WORD@303..304 "b"
        INLINE_MATH_MARKER@304..305 "$"
      TEXT@305..309 " end"
      STRONG_MARKER@309..311 "**"
    NEWLINE@311..312 "\n"
  BLANK_LINE@312..313
    BLANK_LINE@312..313 "\n"
  HEADING@313..334
    ATX_HEADING_MARKER@313..315
      ATX_HEADING_MARKER@313..315 "##"
    WHITESPACE@315..316 " "
    HEADING_CONTENT@316..333
      TEXT@316..333 "Links in Emphasis"
    NEWLINE@333..334 "\n"
  BLANK_LINE@334..335
    BLANK_LINE@334..335 "\n"
  PARAGRAPH@335..358
    EMPHASIS@335..357
      EMPHASIS_MARKER@335..336 "*"
      TEXT@336..341 "text "
      LINK@341..352
        LINK_START@341..342
          LINK_START@341..342 "["
        LINK_TEXT@342..346
          TEXT@342..346 "link"
        LINK_TEXT_END@346..347 "]"
        LINK_DEST_START@347..348 "("
        LINK_DEST@348..351
          LINK_DEST_URL@348..351
            TEXT@348..351 "url"
        LINK_DEST_END@351..352 ")"
      TEXT@352..356 " end"
      EMPHASIS_MARKER@356..357 "*"
    NEWLINE@357..358 "\n"
  BLANK_LINE@358..359
    BLANK_LINE@358..359 "\n"
  PARAGRAPH@359..384
    STRONG@359..383
      STRONG_MARKER@359..361 "**"
      TEXT@361..366 "text "
      LINK@366..377
        LINK_START@366..367
          LINK_START@366..367 "["
        LINK_TEXT@367..371
          TEXT@367..371 "link"
        LINK_TEXT_END@371..372 "]"
        LINK_DEST_START@372..373 "("
        LINK_DEST@373..376
          LINK_DEST_URL@373..376
            TEXT@373..376 "url"
        LINK_DEST_END@376..377 ")"
      TEXT@377..381 " end"
      STRONG_MARKER@381..383 "**"
    NEWLINE@383..384 "\n"
  BLANK_LINE@384..385
    BLANK_LINE@384..385 "\n"
  PARAGRAPH@385..415
    EMPHASIS@385..414
      EMPHASIS_MARKER@385..386 "*"
      TEXT@386..391 "text "
      LINK@391..409
        LINK_START@391..392
          LINK_START@391..392 "["
        LINK_TEXT@392..403
          TEXT@392..403 "link * here"
        LINK_TEXT_END@403..404 "]"
        LINK_DEST_START@404..405 "("
        LINK_DEST@405..408
          LINK_DEST_URL@405..408
            TEXT@405..408 "url"
        LINK_DEST_END@408..409 ")"
      TEXT@409..413 " end"
      EMPHASIS_MARKER@413..414 "*"
    NEWLINE@414..415 "\n"
  BLANK_LINE@415..416
    BLANK_LINE@415..416 "\n"
  PARAGRAPH@416..449
    STRONG@416..448
      STRONG_MARKER@416..418 "**"
      TEXT@418..423 "text "
      LINK@423..442
        LINK_START@423..424
          LINK_START@423..424 "["
        LINK_TEXT@424..436
          TEXT@424..436 "link ** here"
        LINK_TEXT_END@436..437 "]"
        LINK_DEST_START@437..438 "("
        LINK_DEST@438..441
          LINK_DEST_URL@438..441
            TEXT@438..441 "url"
        LINK_DEST_END@441..442 ")"
      TEXT@442..446 " end"
      STRONG_MARKER@446..448 "**"
    NEWLINE@448..449 "\n"
  BLANK_LINE@449..450
    BLANK_LINE@449..450 "\n"
  HEADING@450..472
    ATX_HEADING_MARKER@450..452
      ATX_HEADING_MARKER@450..452 "##"
    WHITESPACE@452..453 " "
    HEADING_CONTENT@453..471
      TEXT@453..471 "Images in Emphasis"
    NEWLINE@471..472 "\n"
  BLANK_LINE@472..473
    BLANK_LINE@472..473 "\n"
  PARAGRAPH@473..500
    EMPHASIS@473..499
      EMPHASIS_MARKER@473..474 "*"
      TEXT@474..479 "text "
      IMAGE_LINK@479..494
        IMAGE_LINK_START@479..481
          IMAGE_LINK_START@479..481 "!["
        IMAGE_ALT@481..484
          TEXT@481..484 "alt"
        IMAGE_ALT_END@484..485 "]"
        IMAGE_DEST_START@485..486 "("
        LINK_DEST@486..493
          LINK_DEST_URL@486..493
            TEXT@486..493 "img.png"
        IMAGE_DEST_END@493..494 ")"
      TEXT@494..498 " end"
      EMPHASIS_MARKER@498..499 "*"
    NEWLINE@499..500 "\n"
  BLANK_LINE@500..501
    BLANK_LINE@500..501 "\n"
  PARAGRAPH@501..530
    STRONG@501..529
      STRONG_MARKER@501..503 "**"
      TEXT@503..508 "text "
      IMAGE_LINK@508..523
        IMAGE_LINK_START@508..510
          IMAGE_LINK_START@508..510 "!["
        IMAGE_ALT@510..513
          TEXT@510..513 "alt"
        IMAGE_ALT_END@513..514 "]"
        IMAGE_DEST_START@514..515 "("
        LINK_DEST@515..522
          LINK_DEST_URL@515..522
            TEXT@515..522 "img.png"
        IMAGE_DEST_END@522..523 ")"
      TEXT@523..527 " end"
      STRONG_MARKER@527..529 "**"
    NEWLINE@529..530 "\n"
  BLANK_LINE@530..531
    BLANK_LINE@530..531 "\n"
  HEADING@531..571
    ATX_HEADING_MARKER@531..533
      ATX_HEADING_MARKER@531..533 "##"
    WHITESPACE@533..534 " "
    HEADING_CONTENT@534..570
      TEXT@534..570 "Nested Emphasis and O ..."
    NEWLINE@570..571 "\n"
  BLANK_LINE@571..572
    BLANK_LINE@571..572 "\n"
  PARAGRAPH@572..593
    EMPHASIS@572..592
      EMPHASIS_MARKER@572..573 "*"
      TEXT@573..576 "em "
      STRIKEOUT@576..586
        STRIKEOUT_MARKER@576..578
          STRIKEOUT_MARKER@576..578 "~~"
        TEXT@578..584 "strike"
        STRIKEOUT_MARKER@584..586
          STRIKEOUT_MARKER@584..586 "~~"
      TEXT@586..591 " text"
      EMPHASIS_MARKER@591..592 "*"
    NEWLINE@592..593 "\n"
  BLANK_LINE@593..594
    BLANK_LINE@593..594 "\n"
  PARAGRAPH@594..621
    STRONG@594..620
      STRONG_MARKER@594..596 "**"
      TEXT@596..603 "strong "
      STRIKEOUT@603..613
        STRIKEOUT_MARKER@603..605
          STRIKEOUT_MARKER@603..605 "~~"
        TEXT@605..611 "strike"
        STRIKEOUT_MARKER@611..613
          STRIKEOUT_MARKER@611..613 "~~"
      TEXT@613..618 " text"
      STRONG_MARKER@618..620 "**"
    NEWLINE@620..621 "\n"
  BLANK_LINE@621..622
    BLANK_LINE@621..622 "\n"
  PARAGRAPH@622..643
    STRIKEOUT@622..642
      STRIKEOUT_MARKER@622..624
        STRIKEOUT_MARKER@622..624 "~~"
      TEXT@624..631 "strike "
      EMPHASIS@631..635
        EMPHASIS_MARKER@631..632 "*"
        TEXT@632..634 "em"
        EMPHASIS_MARKER@634..635 "*"
      TEXT@635..640 " text"
      STRIKEOUT_MARKER@640..642
        STRIKEOUT_MARKER@640..642 "~~"
    NEWLINE@642..643 "\n"
  BLANK_LINE@643..644
    BLANK_LINE@643..644 "\n"
  PARAGRAPH@644..671
    STRIKEOUT@644..670
      STRIKEOUT_MARKER@644..646
        STRIKEOUT_MARKER@644..646 "~~"
      TEXT@646..653 "strike "
      STRONG@653..663
        STRONG_MARKER@653..655 "**"
        TEXT@655..661 "strong"
        STRONG_MARKER@661..663 "**"
      TEXT@663..668 " text"
      STRIKEOUT_MARKER@668..670
        STRIKEOUT_MARKER@668..670 "~~"
    NEWLINE@670..671 "\n"
  BLANK_LINE@671..672
    BLANK_LINE@671..672 "\n"
  PARAGRAPH@672..690
    EMPHASIS@672..689
      EMPHASIS_MARKER@672..673 "*"
      TEXT@673..676 "em "
      SUPERSCRIPT@676..683
        SUPERSCRIPT_MARKER@676..677
          SUPERSCRIPT_MARKER@676..677 "^"
        TEXT@677..682 "super"
        SUPERSCRIPT_MARKER@682..683
          SUPERSCRIPT_MARKER@682..683 "^"
      TEXT@683..688 " text"
      EMPHASIS_MARKER@688..689 "*"
    NEWLINE@689..690 "\n"
  BLANK_LINE@690..691
    BLANK_LINE@690..691 "\n"
  PARAGRAPH@691..715
    STRONG@691..714
      STRONG_MARKER@691..693 "**"
      TEXT@693..700 "strong "
      SUPERSCRIPT@700..707
        SUPERSCRIPT_MARKER@700..701
          SUPERSCRIPT_MARKER@700..701 "^"
        TEXT@701..706 "super"
        SUPERSCRIPT_MARKER@706..707
          SUPERSCRIPT_MARKER@706..707 "^"
      TEXT@707..712 " text"
      STRONG_MARKER@712..714 "**"
    NEWLINE@714..715 "\n"
  BLANK_LINE@715..716
    BLANK_LINE@715..716 "\n"
  PARAGRAPH@716..732
    EMPHASIS@716..731
      EMPHASIS_MARKER@716..717 "*"
      TEXT@717..720 "em "
      SUBSCRIPT@720..725
        SUBSCRIPT_MARKER@720..721
          SUBSCRIPT_MARKER@720..721 "~"
        TEXT@721..724 "sub"
        SUBSCRIPT_MARKER@724..725
          SUBSCRIPT_MARKER@724..725 "~"
      TEXT@725..730 " text"
      EMPHASIS_MARKER@730..731 "*"
    NEWLINE@731..732 "\n"
  BLANK_LINE@732..733
    BLANK_LINE@732..733 "\n"
  PARAGRAPH@733..755
    STRONG@733..754
      STRONG_MARKER@733..735 "**"
      TEXT@735..742 "strong "
      SUBSCRIPT@742..747
        SUBSCRIPT_MARKER@742..743
          SUBSCRIPT_MARKER@742..743 "~"
        TEXT@743..746 "sub"
        SUBSCRIPT_MARKER@746..747
          SUBSCRIPT_MARKER@746..747 "~"
      TEXT@747..752 " text"
      STRONG_MARKER@752..754 "**"
    NEWLINE@754..755 "\n"
  BLANK_LINE@755..756
    BLANK_LINE@755..756 "\n"
  HEADING@756..775
    ATX_HEADING_MARKER@756..758
      ATX_HEADING_MARKER@756..758 "##"
    WHITESPACE@758..759 " "
    HEADING_CONTENT@759..774
      TEXT@759..774 "Complex Nesting"
    NEWLINE@774..775 "\n"
  BLANK_LINE@775..776
    BLANK_LINE@775..776 "\n"
  PARAGRAPH@776..835
    EMPHASIS@776..834
      EMPHASIS_MARKER@776..777 "*"
      TEXT@777..785 "em with "
      INLINE_CODE@785..791
        INLINE_CODE_MARKER@785..786 "`"
        INLINE_CODE_CONTENT@786..790 "code"
        INLINE_CODE_MARKER@790..791 "`"
      TEXT@791..793 ", "
      LINK@793..804
        LINK_START@793..794
          LINK_START@793..794 "["
        LINK_TEXT@794..798
          TEXT@794..798 "link"
        LINK_TEXT_END@798..799 "]"
        LINK_DEST_START@799..800 "("
        LINK_DEST@800..803
          LINK_DEST_URL@800..803
            TEXT@800..803 "url"
        LINK_DEST_END@803..804 ")"
      TEXT@804..810 ", and "
      STRIKEOUT@810..820
        STRIKEOUT_MARKER@810..812
          STRIKEOUT_MARKER@810..812 "~~"
        TEXT@812..818 "strike"
        STRIKEOUT_MARKER@818..820
          STRIKEOUT_MARKER@818..820 "~~"
      TEXT@820..833 " all together"
      EMPHASIS_MARKER@833..834 "*"
    NEWLINE@834..835 "\n"
  BLANK_LINE@835..836
    BLANK_LINE@835..836 "\n"
  PARAGRAPH@836..901
    STRONG@836..900
      STRONG_MARKER@836..838 "**"
      TEXT@838..850 "strong with "
      INLINE_CODE@850..856
        INLINE_CODE_MARKER@850..851 "`"
        INLINE_CODE_CONTENT@851..855 "code"
        INLINE_CODE_MARKER@855..856 "`"
      TEXT@856..858 ", "
      LINK@858..869
        LINK_START@858..859
          LINK_START@858..859 "["
        LINK_TEXT@859..863
          TEXT@859..863 "link"
        LINK_TEXT_END@863..864 "]"
        LINK_DEST_START@864..865 "("
        LINK_DEST@865..868
          LINK_DEST_URL@865..868
            TEXT@865..868 "url"
        LINK_DEST_END@868..869 ")"
      TEXT@869..875 ", and "
      STRIKEOUT@875..885
        STRIKEOUT_MARKER@875..877
          STRIKEOUT_MARKER@875..877 "~~"
        TEXT@877..883 "strike"
        STRIKEOUT_MARKER@883..885
          STRIKEOUT_MARKER@883..885 "~~"
      TEXT@885..898 " all together"
      STRONG_MARKER@898..900 "**"
    NEWLINE@900..901 "\n"
  BLANK_LINE@901..902
    BLANK_LINE@901..902 "\n"
  HEADING@902..936
    ATX_HEADING_MARKER@902..904
      ATX_HEADING_MARKER@902..904 "##"
    WHITESPACE@904..905 " "
    HEADING_CONTENT@905..935
      TEXT@905..935 "Edge Cases: Empty and ..."
    NEWLINE@935..936 "\n"
  BLANK_LINE@936..937
    BLANK_LINE@936..937 "\n"
  PARAGRAPH@937..946
    EMPHASIS@937..945
      EMPHASIS_MARKER@937..938 "*"
      INLINE_CODE@938..944
        INLINE_CODE_MARKER@938..939 "`"
        INLINE_CODE_CONTENT@939..943 "code"
        INLINE_CODE_MARKER@943..944 "`"
      EMPHASIS_MARKER@944..945 "*"
    NEWLINE@945..946 "\n"
  BLANK_LINE@946..947
    BLANK_LINE@946..947 "\n"
  PARAGRAPH@947..958
    STRONG@947..957
      STRONG_MARKER@947..949 "**"
      INLINE_CODE@949..955
        INLINE_CODE_MARKER@949..950 "`"
        INLINE_CODE_CONTENT@950..954 "code"
        INLINE_CODE_MARKER@954..955 "`"
      STRONG_MARKER@955..957 "**"
    NEWLINE@957..958 "\n"
  BLANK_LINE@958..959
    BLANK_LINE@958..959 "\n"
  PARAGRAPH@959..973
    EMPHASIS@959..972
      EMPHASIS_MARKER@959..960 "*"
      LINK@960..971
        LINK_START@960..961
          LINK_START@960..961 "["
        LINK_TEXT@961..965
          TEXT@961..965 "link"
        LINK_TEXT_END@965..966 "]"
        LINK_DEST_START@966..967 "("
        LINK_DEST@967..970
          LINK_DEST_URL@967..970
            TEXT@967..970 "url"
        LINK_DEST_END@970..971 ")"
      EMPHASIS_MARKER@971..972 "*"
    NEWLINE@972..973 "\n"
  BLANK_LINE@973..974
    BLANK_LINE@973..974 "\n"
  PARAGRAPH@974..990
    STRONG@974..989
      STRONG_MARKER@974..976 "**"
      LINK@976..987
        LINK_START@976..977
          LINK_START@976..977 "["
        LINK_TEXT@977..981
          TEXT@977..981 "link"
        LINK_TEXT_END@981..982 "]"
        LINK_DEST_START@982..983 "("
        LINK_DEST@983..986
          LINK_DEST_URL@983..986
            TEXT@983..986 "url"
        LINK_DEST_END@986..987 ")"
      STRONG_MARKER@987..989 "**"
    NEWLINE@989..990 "\n"
  BLANK_LINE@990..991
    BLANK_LINE@990..991 "\n"
  PARAGRAPH@991..1012
    INLINE_CODE@991..1011
      INLINE_CODE_MARKER@991..992 "`"
      INLINE_CODE_CONTENT@992..1010 "code *inside* code"
      INLINE_CODE_MARKER@1010..1011 "`"
    NEWLINE@1011..1012 "\n"
  BLANK_LINE@1012..1013
    BLANK_LINE@1012..1013 "\n"
  PARAGRAPH@1013..1041
    LINK@1013..1040
      LINK_START@1013..1014
        LINK_START@1013..1014 "["
      LINK_TEXT@1014..1034
        TEXT@1014..1019 "link "
        EMPHASIS@1019..1029
          EMPHASIS_MARKER@1019..1020 "*"
          TEXT@1020..1028 "emphasis"
          EMPHASIS_MARKER@1028..1029 "*"
        TEXT@1029..1034 " link"
      LINK_TEXT_END@1034..1035 "]"
      LINK_DEST_START@1035..1036 "("
      LINK_DEST@1036..1039
        LINK_DEST_URL@1036..1039
          TEXT@1036..1039 "url"
      LINK_DEST_END@1039..1040 ")"
    NEWLINE@1040..1041 "\n"
  BLANK_LINE@1041..1042
    BLANK_LINE@1041..1042 "\n"
  HEADING@1042..1071
    ATX_HEADING_MARKER@1042..1044
      ATX_HEADING_MARKER@1042..1044 "##"
    WHITESPACE@1044..1045 " "
    HEADING_CONTENT@1045..1070
      TEXT@1045..1070 "Escapes in Nested Con ..."
    NEWLINE@1070..1071 "\n"
  BLANK_LINE@1071..1072
    BLANK_LINE@1071..1072 "\n"
  PARAGRAPH@1072..1100
    EMPHASIS@1072..1099
      EMPHASIS_MARKER@1072..1073 "*"
      TEXT@1073..1078 "text "
      ESCAPED_CHAR@1078..1080 "\\*"
      TEXT@1080..1092 "not emphasis"
      ESCAPED_CHAR@1092..1094 "\\*"
      TEXT@1094..1098 " end"
      EMPHASIS_MARKER@1098..1099 "*"
    NEWLINE@1099..1100 "\n"
  BLANK_LINE@1100..1101
    BLANK_LINE@1100..1101 "\n"
  PARAGRAPH@1101..1122
    EMPHASIS@1101..1121
      EMPHASIS_MARKER@1101..1102 "*"
      TEXT@1102..1107 "text "
      INLINE_CODE@1107..1116
        INLINE_CODE_MARKER@1107..1108 "`"
        INLINE_CODE_CONTENT@1108..1115 "code \\*"
        INLINE_CODE_MARKER@1115..1116 "`"
      TEXT@1116..1120 " end"
      EMPHASIS_MARKER@1120..1121 "*"
    NEWLINE@1121..1122 "\n"
  BLANK_LINE@1122..1123
    BLANK_LINE@1122..1123 "\n"
  PARAGRAPH@1123..1149
    EMPHASIS@1123..1148
      EMPHASIS_MARKER@1123..1124 "*"
      TEXT@1124..1129 "text "
      LINK@1129..1143
        LINK_START@1129..1130
          LINK_START@1129..1130 "["
        LINK_TEXT@1130..1137
          TEXT@1130..1135 "link "
          ESCAPED_CHAR@1135..1137 "\\*"
        LINK_TEXT_END@1137..1138 "]"
        LINK_DEST_START@1138..1139 "("
        LINK_DEST@1139..1142
          LINK_DEST_URL@1139..1142
            TEXT@1139..1142 "url"
        LINK_DEST_END@1142..1143 ")"
      TEXT@1143..1147 " end"
      EMPHASIS_MARKER@1147..1148 "*"
    NEWLINE@1148..1149 "\n"
  BLANK_LINE@1149..1150
    BLANK_LINE@1149..1150 "\n"
  HEADING@1150..1173
    ATX_HEADING_MARKER@1150..1152
      ATX_HEADING_MARKER@1150..1152 "##"
    WHITESPACE@1152..1153 " "
    HEADING_CONTENT@1153..1172
      TEXT@1153..1172 "Unclosed Constructs"
    NEWLINE@1172..1173 "\n"
  BLANK_LINE@1173..1174
    BLANK_LINE@1173..1174 "\n"
  PARAGRAPH@1174..1200
    EMPHASIS@1174..1199
      EMPHASIS_MARKER@1174..1175 "*"
      TEXT@1175..1198 "text `unclosed code end"
      EMPHASIS_MARKER@1198..1199 "*"
    NEWLINE@1199..1200 "\n"
  BLANK_LINE@1200..1201
    BLANK_LINE@1200..1201 "\n"
  PARAGRAPH@1201..1227
    EMPHASIS@1201..1226
      EMPHASIS_MARKER@1201..1202 "*"
      TEXT@1202..1225 "text [unclosed link end"
      EMPHASIS_MARKER@1225..1226 "*"
    NEWLINE@1226..1227 "\n"
  BLANK_LINE@1227..1228
    BLANK_LINE@1227..1228 "\n"
  PARAGRAPH@1228..1257
    EMPHASIS@1228..1256
      EMPHASIS_MARKER@1228..1229 "*"
      TEXT@1229..1234 "text "
      SUBSCRIPT@1234..1236
        SUBSCRIPT_MARKER@1234..1235
          SUBSCRIPT_MARKER@1234..1235 "~"
        SUBSCRIPT_MARKER@1235..1236
          SUBSCRIPT_MARKER@1235..1236 "~"
      TEXT@1236..1255 "unclosed strike end"
      EMPHASIS_MARKER@1255..1256 "*"
    NEWLINE@1256..1257 "\n"
  BLANK_LINE@1257..1258
    BLANK_LINE@1257..1258 "\n"
  HEADING@1258..1285
    ATX_HEADING_MARKER@1258..1260
      ATX_HEADING_MARKER@1258..1260 "##"
    WHITESPACE@1260..1261 " "
    HEADING_CONTENT@1261..1284
      TEXT@1261..1284 "Multiple Nesting Levels"
    NEWLINE@1284..1285 "\n"
  BLANK_LINE@1285..1286
    BLANK_LINE@1285..1286 "\n"
  PARAGRAPH@1286..1316
    STRONG@1286..1315
      STRONG_MARKER@1286..1288 "**"
      EMPHASIS@1288..1313
        EMPHASIS_MARKER@1288..1289 "*"
        TEXT@1289..1301 "triple with "
        INLINE_CODE@1301..1307
          INLINE_CODE_MARKER@1301..1302 "`"
          INLINE_CODE_CONTENT@1302..1306 "code"
          INLINE_CODE_MARKER@1306..1307 "`"
        TEXT@1307..1312 " here"
        EMPHASIS_MARKER@1312..1313 "*"
      STRONG_MARKER@1313..1315 "**"
    NEWLINE@1315..1316 "\n"
  BLANK_LINE@1316..1317
    BLANK_LINE@1316..1317 "\n"
  PARAGRAPH@1317..1352
    STRONG@1317..1351
      STRONG_MARKER@1317..1319 "**"
      EMPHASIS@1319..1349
        EMPHASIS_MARKER@1319..1320 "*"
        TEXT@1320..1332 "triple with "
        LINK@1332..1343
          LINK_START@1332..1333
            LINK_START@1332..1333 "["
          LINK_TEXT@1333..1337
            TEXT@1333..1337 "link"
          LINK_TEXT_END@1337..1338 "]"
          LINK_DEST_START@1338..1339 "("
          LINK_DEST@1339..1342
            LINK_DEST_URL@1339..1342
              TEXT@1339..1342 "url"
          LINK_DEST_END@1342..1343 ")"
        TEXT@1343..1348 " here"
        EMPHASIS_MARKER@1348..1349 "*"
      STRONG_MARKER@1349..1351 "**"
    NEWLINE@1351..1352 "\n"
  BLANK_LINE@1352..1353
    BLANK_LINE@1352..1353 "\n"
  PARAGRAPH@1353..1387
    STRONG@1353..1386
      STRONG_MARKER@1353..1355 "**"
      EMPHASIS@1355..1384
        EMPHASIS_MARKER@1355..1356 "*"
        TEXT@1356..1368 "triple with "
        STRIKEOUT@1368..1378
          STRIKEOUT_MARKER@1368..1370
            STRIKEOUT_MARKER@1368..1370 "~~"
          TEXT@1370..1376 "strike"
          STRIKEOUT_MARKER@1376..1378
            STRIKEOUT_MARKER@1376..1378 "~~"
        TEXT@1378..1383 " here"
        EMPHASIS_MARKER@1383..1384 "*"
      STRONG_MARKER@1384..1386 "**"
    NEWLINE@1386..1387 "\n"
